2026-06-20 11:22:03 -0400 - dagster - DEBUG - __ASSET_JOB - 936715c8-1c39-471d-915b-2f39bcc69675 - 21148 - LOGS_CAPTURED - Started capturing logs in process (pid: 21148).
2026-06-20 11:22:03 -0400 - dagster - DEBUG - __ASSET_JOB - 936715c8-1c39-471d-915b-2f39bcc69675 - 21148 - agol_outdoor_heat_sync - STEP_START - Started execution of step "agol_outdoor_heat_sync".
2026-06-20 11:22:03 -0400 - dagster - ERROR - __ASSET_JOB - 936715c8-1c39-471d-915b-2f39bcc69675 - 21148 - agol_outdoor_heat_sync - STEP_FAILURE - Execution of step "agol_outdoor_heat_sync" failed.

dagster._core.definitions.events.Failure: ARCGIS_OUTDOOR_HEAT_LAYER_URL env var is not set

Stack Trace:
  File "/Users/yucheng/Documents/Projects/basin/.venv/lib/python3.13/site-packages/dagster/_core/execution/plan/execute_plan.py", line 247, in dagster_event_sequence_for_step
    yield from check.generator(step_events)
  File "/Users/yucheng/Documents/Projects/basin/.venv/lib/python3.13/site-packages/dagster/_core/execution/plan/execute_step.py", line 505, in core_dagster_event_sequence_for_step
    for user_event in _step_output_error_checked_user_event_sequence(
                      ~~~~~~~~~~~~~~~~~~~~~~~~~~~~~~~~~~~~~~~~~~~~~~^
        step_context,
        ^^^^^^^^^^^^^
        _process_asset_results_to_events(step_context, user_event_sequence),
        ^^^^^^^^^^^^^^^^^^^^^^^^^^^^^^^^^^^^^^^^^^^^^^^^^^^^^^^^^^^^^^^^^^^^
    ):
    ^
  File "/Users/yucheng/Documents/Projects/basin/.venv/lib/python3.13/site-packages/dagster/_core/execution/plan/execute_step.py", line 184, in _step_output_error_checked_user_event_sequence
    for user_event in user_event_sequence:
                      ^^^^^^^^^^^^^^^^^^^
  File "/Users/yucheng/Documents/Projects/basin/.venv/lib/python3.13/site-packages/dagster/_core/execution/plan/execute_step.py", line 88, in _process_asset_results_to_events
    for user_event in user_event_sequence:
                      ^^^^^^^^^^^^^^^^^^^
  File "/Users/yucheng/Documents/Projects/basin/.venv/lib/python3.13/site-packages/dagster/_core/execution/plan/compute.py", line 188, in execute_core_compute
    for step_output in _yield_compute_results(step_context, inputs, compute_fn, compute_context):
                       ~~~~~~~~~~~~~~~~~~~~~~^^^^^^^^^^^^^^^^^^^^^^^^^^^^^^^^^^^^^^^^^^^^^^^^^^^
  File "/Users/yucheng/Documents/Projects/basin/.venv/lib/python3.13/site-packages/dagster/_core/execution/plan/compute.py", line 157, in _yield_compute_results
    for event in iterate_with_context(
                 ~~~~~~~~~~~~~~~~~~~~^
        lambda: op_execution_error_boundary(
        ^^^^^^^^^^^^^^^^^^^^^^^^^^^^^^^^^^^^
    ...<7 lines>...
        user_event_generator,
        ^^^^^^^^^^^^^^^^^^^^^
    ):
    ^
  File "/Users/yucheng/Documents/Projects/basin/.venv/lib/python3.13/site-packages/dagster/_utils/__init__.py", line 394, in iterate_with_context
    next_output = next(iterator)
  File "/Users/yucheng/Documents/Projects/basin/.venv/lib/python3.13/site-packages/dagster/_core/execution/plan/compute_generator.py", line 135, in _coerce_op_compute_fn_to_iterator
    result = invoke_compute_fn(
        fn, context, kwargs, context_arg_provided, config_arg_class, resource_arg_mapping
    )
  File "/Users/yucheng/Documents/Projects/basin/.venv/lib/python3.13/site-packages/dagster/_core/execution/plan/compute_generator.py", line 115, in invoke_compute_fn
    return fn(context, **args_to_pass) if context_arg_provided else fn(**args_to_pass)
                                                                    ~~^^^^^^^^^^^^^^^^
  File "/Users/yucheng/Documents/Projects/basin/orchestrator/assets/outdoor_heat.py", line 325, in agol_outdoor_heat_sync
    raise Failure("ARCGIS_OUTDOOR_HEAT_LAYER_URL env var is not set")

